000 static approach +0 goal 1098 pos 1098.0 load +0 peak 0
001 static approach +0 goal 1098 pos 1098.0 load +0 peak 0
002 static approach +0 goal 1098 pos 1098.0 load +0 peak 0
003 static approach +0 goal 1098 pos 1098.0 load +0 peak 0
004 static approach +0 goal 1098 pos 1098.0 load +0 peak 0
005 stair  approach +1 goal 1058 pos 1054.0 load -28 peak 52
006 stair  approach +1 goal 1078 pos 1074.0 load -28 peak 64
007 stair  approach +1 goal 1088 pos 1085.0 load -24 peak 56
008 stair  approach +1 goal 1093 pos 1091.0 load -20 peak 48
009 stair  approach +1 goal 1098 pos 1095.0 load -24 peak 48
010 stair  approach +1 goal 1103 pos 1099.0 load -28 peak 52
011 stair  approach +1 goal 1108 pos 1105.0 load -24 peak 36
012 stair  approach +1 goal 1118 pos 1115.0 load -24 peak 60
013 stair  approach +1 goal 1138 pos 1134.0 load -28 peak 64
014 repeat approach -1 goal 1098 pos 1100.0 load +20 peak 56
015 repeat approach +1 goal 1098 pos 1095.0 load -24 peak 56
016 repeat approach -1 goal 1098 pos 1101.0 load +24 peak 60
017 repeat approach +1 goal 1098 pos 1095.0 load -24 peak 64
018 repeat approach -1 goal 1098 pos 1100.0 load +20 peak 56
019 repeat approach +1 goal 1098 pos 1095.0 load -24 peak 56
020 repeat approach -1 goal 1098 pos 1101.0 load +24 peak 56
021 repeat approach +1 goal 1098 pos 1095.0 load -24 peak 60
022 repeat approach -1 goal 1098 pos 1101.0 load +24 peak 56
023 repeat approach +1 goal 1098 pos 1095.0 load -24 peak 56
024 repeat approach -1 goal 1098 pos 1101.0 load +24 peak 56
025 repeat approach +1 goal 1098 pos 1095.0 load -24 peak 60
026 repeat approach -1 goal 1098 pos 1100.0 load +20 peak 56
027 repeat approach +1 goal 1098 pos 1095.0 load -24 peak 56
028 repeat approach -1 goal 1098 pos 1100.0 load +20 peak 56
029 repeat approach +1 goal 1098 pos 1095.0 load -24 peak 56
030 repeat approach -1 goal 1098 pos 1101.0 load +24 peak 56
031 repeat approach +1 goal 1098 pos 1095.0 load -24 peak 56
032 repeat approach -1 goal 1098 pos 1100.0 load +20 peak 56
033 repeat approach +1 goal 1098 pos 1095.0 load -24 peak 60
034 repeat approach -1 goal 1098 pos 1100.0 load +20 peak 56
035 repeat approach +1 goal 1098 pos 1095.0 load -24 peak 56
036 repeat approach -1 goal 1098 pos 1100.0 load +20 peak 56
037 repeat approach +1 goal 1098 pos 1095.0 load -24 peak 60
038 repeat approach -1 goal 1098 pos 1100.0 load +20 peak 52
039 repeat approach +1 goal 1098 pos 1095.0 load -24 peak 60
040 repeat approach -1 goal 1098 pos 1100.0 load +20 peak 56
041 repeat approach +1 goal 1098 pos 1095.0 load -24 peak 60
042 repeat approach -1 goal 1098 pos 1100.0 load +20 peak 56
043 repeat approach +1 goal 1098 pos 1095.0 load -24 peak 56
044 static_end approach +0 goal 1098 pos 1095.0 load -24 peak 0
045 static_end approach +0 goal 1098 pos 1095.0 load -24 peak 0
046 static_end approach +0 goal 1098 pos 1095.0 load -24 peak 0
DONE
released: torque off, settings restored
