000 static approach +0 goal 1915 pos 1915.0 load +0 peak 0
001 static approach +0 goal 1915 pos 1915.0 load +0 peak 0
002 static approach +0 goal 1915 pos 1915.0 load +0 peak 0
003 static approach +0 goal 1915 pos 1915.0 load +0 peak 0
004 static approach +0 goal 1915 pos 1915.0 load +0 peak 0
005 stair  approach +1 goal 1875 pos 1876.0 load +0 peak 60
006 stair  approach +1 goal 1895 pos 1890.0 load -32 peak 80
007 stair  approach +1 goal 1905 pos 1899.0 load -36 peak 68
008 stair  approach +1 goal 1910 pos 1911.0 load +0 peak 60
009 stair  approach +1 goal 1915 pos 1911.0 load -28 peak 32
010 stair  approach +1 goal 1920 pos 1917.0 load -24 peak 52
011 stair  approach +1 goal 1925 pos 1922.0 load -24 peak 48
012 stair  approach +1 goal 1935 pos 1935.0 load +0 peak 56
013 stair  approach +1 goal 1955 pos 1951.0 load -28 peak 76
014 repeat approach -1 goal 1915 pos 1918.0 load +24 peak 64
015 repeat approach +1 goal 1915 pos 1914.0 load +0 peak 92
016 repeat approach -1 goal 1915 pos 1918.0 load +24 peak 72
017 repeat approach +1 goal 1915 pos 1914.0 load +0 peak 92
018 repeat approach -1 goal 1915 pos 1916.0 load +0 peak 68
019 repeat approach +1 goal 1915 pos 1914.0 load +0 peak 84
020 repeat approach -1 goal 1915 pos 1917.0 load +20 peak 68
021 repeat approach +1 goal 1915 pos 1918.0 load +24 peak 88
022 repeat approach -1 goal 1915 pos 1918.0 load +24 peak 92
023 repeat approach +1 goal 1915 pos 1913.0 load -20 peak 80
024 repeat approach -1 goal 1915 pos 1917.0 load +20 peak 64
025 repeat approach +1 goal 1915 pos 1914.0 load +0 peak 96
026 repeat approach -1 goal 1915 pos 1916.0 load +0 peak 64
027 repeat approach +1 goal 1915 pos 1913.0 load -20 peak 92
028 repeat approach -1 goal 1915 pos 1916.0 load +0 peak 64
029 repeat approach +1 goal 1915 pos 1917.0 load +20 peak 92
030 repeat approach -1 goal 1915 pos 1918.0 load +24 peak 68
031 repeat approach +1 goal 1915 pos 1914.0 load +0 peak 92
032 repeat approach -1 goal 1915 pos 1917.0 load +20 peak 68
033 repeat approach +1 goal 1915 pos 1912.0 load -24 peak 88
034 repeat approach -1 goal 1915 pos 1918.0 load +24 peak 68
035 repeat approach +1 goal 1915 pos 1911.0 load -28 peak 96
036 repeat approach -1 goal 1915 pos 1918.0 load +24 peak 72
037 repeat approach +1 goal 1915 pos 1913.0 load -20 peak 92
038 repeat approach -1 goal 1915 pos 1919.0 load +28 peak 60
039 repeat approach +1 goal 1915 pos 1913.0 load -20 peak 88
040 repeat approach -1 goal 1915 pos 1917.0 load +20 peak 68
041 repeat approach +1 goal 1915 pos 1911.0 load -28 peak 88
042 repeat approach -1 goal 1915 pos 1917.0 load +20 peak 64
043 repeat approach +1 goal 1915 pos 1910.0 load -32 peak 92
044 static_end approach +0 goal 1915 pos 1910.0 load -32 peak 0
045 static_end approach +0 goal 1915 pos 1910.0 load -32 peak 0
046 static_end approach +0 goal 1915 pos 1910.0 load -32 peak 0
DONE
released: torque off, settings restored
