000 static approach +0 goal 1910 pos 1910.0 load +0 peak 0
001 static approach +0 goal 1910 pos 1910.0 load +0 peak 0
002 static approach +0 goal 1910 pos 1910.0 load +0 peak 0
003 static approach +0 goal 1910 pos 1910.0 load +0 peak 0
004 static approach +0 goal 1910 pos 1910.0 load +0 peak 0
005 stair  approach +1 goal 1870 pos 1868.0 load +0 peak 60
006 stair  approach +1 goal 1890 pos 1894.0 load +32 peak 80
007 stair  approach +1 goal 1900 pos 1900.0 load +20 peak 36
008 stair  approach +1 goal 1905 pos 1904.0 load -20 peak 32
009 stair  approach +1 goal 1910 pos 1913.0 load +32 peak 36
010 stair  approach +1 goal 1915 pos 1916.0 load +0 peak 20
011 stair  approach +1 goal 1920 pos 1921.0 load +0 peak 28
012 stair  approach +1 goal 1930 pos 1931.0 load +32 peak 44
013 stair  approach +1 goal 1950 pos 1949.0 load -32 peak 68
014 repeat approach -1 goal 1910 pos 1908.0 load -32 peak 80
015 repeat approach +1 goal 1910 pos 1908.0 load +0 peak 80
016 repeat approach -1 goal 1910 pos 1908.0 load -20 peak 64
017 repeat approach +1 goal 1910 pos 1913.0 load +0 peak 76
018 repeat approach -1 goal 1910 pos 1909.0 load +0 peak 84
019 repeat approach +1 goal 1910 pos 1910.0 load -28 peak 76
020 repeat approach -1 goal 1910 pos 1908.0 load -20 peak 80
021 repeat approach +1 goal 1910 pos 1908.0 load +20 peak 76
022 repeat approach -1 goal 1910 pos 1910.0 load +28 peak 60
023 repeat approach +1 goal 1910 pos 1915.0 load +28 peak 80
024 repeat approach -1 goal 1910 pos 1910.0 load +24 peak 60
025 repeat approach +1 goal 1910 pos 1909.0 load +0 peak 76
026 repeat approach -1 goal 1910 pos 1910.0 load +0 peak 84
027 repeat approach +1 goal 1910 pos 1909.0 load +0 peak 84
028 repeat approach -1 goal 1910 pos 1908.0 load -28 peak 76
029 repeat approach +1 goal 1910 pos 1909.0 load -32 peak 80
030 repeat approach -1 goal 1910 pos 1909.0 load +0 peak 80
031 repeat approach +1 goal 1910 pos 1908.0 load +0 peak 72
032 repeat approach -1 goal 1910 pos 1909.0 load +0 peak 68
033 repeat approach +1 goal 1910 pos 1910.0 load +0 peak 76
034 repeat approach -1 goal 1910 pos 1910.0 load +24 peak 84
035 repeat approach +1 goal 1910 pos 1911.0 load +32 peak 80
036 repeat approach -1 goal 1910 pos 1909.0 load -32 peak 68
037 repeat approach +1 goal 1910 pos 1910.0 load +0 peak 84
038 repeat approach -1 goal 1910 pos 1908.0 load -20 peak 64
039 repeat approach +1 goal 1910 pos 1909.0 load +20 peak 80
040 repeat approach -1 goal 1910 pos 1910.0 load +24 peak 60
041 repeat approach +1 goal 1910 pos 1908.0 load +0 peak 76
042 repeat approach -1 goal 1910 pos 1911.0 load +32 peak 64
043 repeat approach +1 goal 1910 pos 1910.0 load +0 peak 72
044 static_end approach +0 goal 1910 pos 1910.0 load +0 peak 0
045 static_end approach +0 goal 1910 pos 1910.0 load +0 peak 0
046 static_end approach +0 goal 1910 pos 1910.0 load +0 peak 0
DONE
released: torque off, settings restored
