=== shoulder_lift 16:00:59 HOLD=1 ===
third-person camera gain/mean: (255, 114.8835546875)
000 static approach +0 goal 2202 pos 2219.0 load +141 peak 0
001 static approach +0 goal 2202 pos 2219.0 load +141 peak 0
002 static approach +0 goal 2202 pos 2219.0 load +141 peak 0
003 static approach +0 goal 2202 pos 2219.0 load +141 peak 0
004 static approach +0 goal 2202 pos 2219.0 load +141 peak 0
005 stair  approach +1 goal 2162 pos 2162.0 load +23 peak 38
006 stair  approach +1 goal 2182 pos 2184.0 load +29 peak 29
007 stair  approach +1 goal 2192 pos 2192.0 load +26 peak 38
008 stair  approach +1 goal 2197 pos 2196.0 load +126 peak 31
009 stair  approach +1 goal 2202 pos 2202.0 load +23 peak 118
010 stair  approach +1 goal 2207 pos 2211.0 load +37 peak 26
011 stair  approach +1 goal 2212 pos 2212.0 load +23 peak 37
012 stair  approach +1 goal 2222 pos 2220.0 load +108 peak 26
013 stair  approach +1 goal 2242 pos 2242.0 load +22 peak 74
014 repeat approach -1 goal 2202 pos 2198.0 load +29 peak 152
015 repeat approach +1 goal 2202 pos 2202.0 load +24 peak 94
016 repeat approach -1 goal 2202 pos 2201.0 load +108 peak 163
017 repeat approach +1 goal 2202 pos 2202.0 load +23 peak 58
018 repeat approach -1 goal 2202 pos 2204.0 load +34 peak 140
019 repeat approach +1 goal 2202 pos 2202.0 load +23 peak 100
020 repeat approach -1 goal 2202 pos 2198.0 load +30 peak 148
021 repeat approach +1 goal 2202 pos 2202.0 load +23 peak 97
022 repeat approach -1 goal 2202 pos 2204.0 load +29 peak 156
023 repeat approach +1 goal 2202 pos 2202.0 load +24 peak 92
024 repeat approach -1 goal 2202 pos 2199.0 load +26 peak 150
025 repeat approach +1 goal 2202 pos 2202.0 load +23 peak 102
026 repeat approach -1 goal 2202 pos 2203.9 load +124 peak 144
027 repeat approach +1 goal 2202 pos 2202.0 load +23 peak 33
028 repeat approach -1 goal 2202 pos 2203.3 load +124 peak 148
029 repeat approach +1 goal 2202 pos 2202.0 load +24 peak 37
030 repeat approach -1 goal 2202 pos 2201.0 load +107 peak 146
031 repeat approach +1 goal 2202 pos 2202.0 load +23 peak 57
032 repeat approach -1 goal 2202 pos 2201.0 load +104 peak 161
033 repeat approach +1 goal 2202 pos 2202.0 load +23 peak 60
034 repeat approach -1 goal 2202 pos 2204.0 load +23 peak 143
035 repeat approach +1 goal 2202 pos 2202.0 load +23 peak 93
036 repeat approach -1 goal 2202 pos 2198.0 load +29 peak 155
037 repeat approach +1 goal 2202 pos 2202.0 load +23 peak 94
038 repeat approach -1 goal 2202 pos 2201.0 load +110 peak 152
039 repeat approach +1 goal 2202 pos 2202.0 load +24 peak 58
040 repeat approach -1 goal 2202 pos 2205.0 load +22 peak 151
041 repeat approach +1 goal 2202 pos 2202.0 load +22 peak 101
042 repeat approach -1 goal 2202 pos 2203.4 load +124 peak 150
043 repeat approach +1 goal 2202 pos 2202.0 load +24 peak 30
044 static_end approach +0 goal 2202 pos 2202.0 load +24 peak 0
045 static_end approach +0 goal 2202 pos 2202.0 load +24 peak 0
046 static_end approach +0 goal 2202 pos 2202.0 load +24 peak 0
DONE
released: settings restored, torque kept ON (HOLD=1)
=== elbow_flex 16:05:52 HOLD=1 ===
third-person camera gain/mean: (255, 113.60901909722222)
000 static approach +0 goal 2836 pos 2836.0 load +0 peak 0
001 static approach +0 goal 2836 pos 2836.0 load +0 peak 0
002 static approach +0 goal 2836 pos 2836.0 load +0 peak 0
003 static approach +0 goal 2836 pos 2836.0 load +0 peak 0
004 static approach +0 goal 2836 pos 2836.0 load +0 peak 0
005 stair  approach +1 goal 2796 pos 2798.0 load +22 peak 60
006 stair  approach +1 goal 2816 pos 2816.0 load +0 peak 48
007 stair  approach +1 goal 2826 pos 2826.0 load +22 peak 40
008 stair  approach +1 goal 2831 pos 2829.0 load +77 peak 27
009 stair  approach +1 goal 2836 pos 2836.0 load +22 peak 52
010 stair  approach +1 goal 2841 pos 2838.0 load +22 peak 40
011 stair  approach +1 goal 2846 pos 2846.0 load +19 peak 35
012 stair  approach +1 goal 2856 pos 2856.0 load +18 peak 38
013 stair  approach +1 goal 2876 pos 2876.0 load +23 peak 41
014 repeat approach -1 goal 2836 pos 2838.0 load +25 peak 99
015 repeat approach +1 goal 2836 pos 2836.0 load +22 peak 57
016 repeat approach -1 goal 2836 pos 2838.0 load +24 peak 100
017 repeat approach +1 goal 2836 pos 2836.0 load +22 peak 61
018 repeat approach -1 goal 2836 pos 2837.0 load +75 peak 99
019 repeat approach +1 goal 2836 pos 2836.0 load +0 peak 52
020 repeat approach -1 goal 2836 pos 2833.0 load +64 peak 114
021 repeat approach +1 goal 2836 pos 2836.0 load +22 peak 72
022 repeat approach -1 goal 2836 pos 2837.0 load +22 peak 99
023 repeat approach +1 goal 2836 pos 2836.0 load +22 peak 60
024 repeat approach -1 goal 2836 pos 2837.0 load +75 peak 94
025 repeat approach +1 goal 2836 pos 2836.0 load +0 peak 52
026 repeat approach -1 goal 2836 pos 2836.0 load +27 peak 101
027 repeat approach +1 goal 2836 pos 2836.0 load +17 peak 55
028 repeat approach -1 goal 2836 pos 2837.0 load +76 peak 94
029 repeat approach +1 goal 2836 pos 2836.0 load +22 peak 51
030 repeat approach -1 goal 2836 pos 2837.0 load +26 peak 98
031 repeat approach +1 goal 2836 pos 2836.0 load +21 peak 57
032 repeat approach -1 goal 2836 pos 2834.0 load +29 peak 97
033 repeat approach +1 goal 2836 pos 2836.0 load +22 peak 62
034 repeat approach -1 goal 2836 pos 2838.0 load +24 peak 104
035 repeat approach +1 goal 2836 pos 2836.0 load +21 peak 51
036 repeat approach -1 goal 2836 pos 2837.0 load +25 peak 96
037 repeat approach +1 goal 2836 pos 2836.0 load +22 peak 53
038 repeat approach -1 goal 2836 pos 2838.0 load +24 peak 100
039 repeat approach +1 goal 2836 pos 2836.0 load +22 peak 57
040 repeat approach -1 goal 2836 pos 2834.0 load +29 peak 117
041 repeat approach +1 goal 2836 pos 2836.0 load +21 peak 58
042 repeat approach -1 goal 2836 pos 2837.0 load +25 peak 106
043 repeat approach +1 goal 2836 pos 2836.0 load +22 peak 59
044 static_end approach +0 goal 2836 pos 2836.0 load +22 peak 0
045 static_end approach +0 goal 2836 pos 2836.0 load +22 peak 0
046 static_end approach +0 goal 2836 pos 2836.0 load +22 peak 0
DONE
released: settings restored, torque kept ON (HOLD=1)
=== wrist_flex 16:10:42 HOLD=0 ===
third-person camera gain/mean: (255, 101.6046462673611)
000 static approach +0 goal 1181 pos 1181.0 load +0 peak 0
001 static approach +0 goal 1181 pos 1181.0 load +0 peak 0
002 static approach +0 goal 1181 pos 1181.0 load +0 peak 0
003 static approach +0 goal 1181 pos 1181.0 load +0 peak 0
004 static approach +0 goal 1181 pos 1181.0 load +0 peak 0
005 stair  approach +1 goal 1141 pos 1141.0 load +18 peak 54
006 stair  approach +1 goal 1161 pos 1160.0 load +55 peak 35
007 stair  approach +1 goal 1171 pos 1170.0 load +59 peak 46
008 stair  approach +1 goal 1176 pos 1176.0 load +0 peak 29
009 stair  approach +1 goal 1181 pos 1181.0 load -18 peak 36
010 stair  approach +1 goal 1186 pos 1186.0 load +22 peak 38
011 stair  approach +1 goal 1191 pos 1190.0 load +59 peak 32
012 stair  approach +1 goal 1201 pos 1201.0 load +19 peak 47
013 stair  approach +1 goal 1221 pos 1222.0 load +0 peak 40
014 repeat approach -1 goal 1181 pos 1181.0 load +64 peak 94
015 repeat approach +1 goal 1181 pos 1181.0 load +19 peak 46
016 repeat approach -1 goal 1181 pos 1181.0 load +61 peak 94
017 repeat approach +1 goal 1181 pos 1181.0 load +20 peak 49
018 repeat approach -1 goal 1181 pos 1179.0 load +60 peak 98
019 repeat approach +1 goal 1181 pos 1181.0 load +19 peak 48
020 repeat approach -1 goal 1181 pos 1179.0 load +65 peak 98
021 repeat approach +1 goal 1181 pos 1181.0 load +20 peak 46
022 repeat approach -1 goal 1181 pos 1181.0 load +60 peak 96
023 repeat approach +1 goal 1181 pos 1179.0 load +66 peak 46
024 repeat approach -1 goal 1181 pos 1179.0 load +65 peak 96
025 repeat approach +1 goal 1181 pos 1181.0 load +20 peak 43
026 repeat approach -1 goal 1181 pos 1181.0 load +65 peak 94
027 repeat approach +1 goal 1181 pos 1181.0 load +20 peak 45
028 repeat approach -1 goal 1181 pos 1181.0 load +61 peak 98
029 repeat approach +1 goal 1181 pos 1181.0 load +20 peak 49
030 repeat approach -1 goal 1181 pos 1181.0 load +62 peak 95
031 repeat approach +1 goal 1181 pos 1179.0 load +65 peak 46
032 repeat approach -1 goal 1181 pos 1181.0 load +61 peak 95
033 repeat approach +1 goal 1181 pos 1181.0 load +19 peak 45
034 repeat approach -1 goal 1181 pos 1181.0 load +62 peak 94
035 repeat approach +1 goal 1181 pos 1179.0 load +66 peak 44
036 repeat approach -1 goal 1181 pos 1181.0 load +63 peak 97
037 repeat approach +1 goal 1181 pos 1181.0 load +22 peak 45
038 repeat approach -1 goal 1181 pos 1181.0 load +62 peak 93
039 repeat approach +1 goal 1181 pos 1181.0 load +21 peak 49
040 repeat approach -1 goal 1181 pos 1181.0 load +61 peak 93
041 repeat approach +1 goal 1181 pos 1181.0 load +19 peak 44
042 repeat approach -1 goal 1181 pos 1182.0 load +18 peak 102
